[resume] loaded 6 completed candidates from partial outputs
[V7.5] loading C:\Users\Administrator.DESKTOP-95I7VVU\Desktop\动量策略\A股美股动量组合策略\mnt_bot V 7.5 plus.py
[V7.5] 1/20 mt0_fee0.0005
[V7.5] skipping completed mt0_fee0.0005
[V7.5] 2/20 mt0_fee0.001
[V7.5] skipping completed mt0_fee0.001
[V7.5] 3/20 mt0_fee0.002
[V7.5] skipping completed mt0_fee0.002
[V7.5] 4/20 mt0_fee0.003
[V7.5] skipping completed mt0_fee0.003
[V7.5] 5/20 mt0.01_fee0.0005
[V7.5] skipping completed mt0.01_fee0.0005
[V7.5] 6/20 mt0.01_fee0.001
[V7.5] skipping completed mt0.01_fee0.001
[V7.5] 7/20 mt0.01_fee0.002
[V7.5] caching EMA leg (100, 0.16, 1.05, 0.01, 0.002, 0.25, 40, 20, 2.0, 126)
[V7.5] 8/20 mt0.01_fee0.003
[V7.5] caching EMA leg (100, 0.16, 1.05, 0.01, 0.003, 0.25, 40, 20, 2.0, 126)
[V7.5] 9/20 mt0.03_fee0.0005
[V7.5] caching EMA leg (100, 0.16, 1.05, 0.03, 0.0005, 0.25, 40, 20, 2.0, 126)
[V7.5] 10/20 mt0.03_fee0.001
[V7.5] caching EMA leg (100, 0.16, 1.05, 0.03, 0.001, 0.25, 40, 20, 2.0, 126)
[V7.5] 11/20 mt0.03_fee0.002
[V7.5] caching EMA leg (100, 0.16, 1.05, 0.03, 0.002, 0.25, 40, 20, 2.0, 126)
[V7.5] 12/20 mt0.03_fee0.003
[V7.5] caching EMA leg (100, 0.16, 1.05, 0.03, 0.003, 0.25, 40, 20, 2.0, 126)
[V7.5] 13/20 mt0.05_fee0.0005
[V7.5] caching EMA leg (100, 0.16, 1.05, 0.05, 0.0005, 0.25, 40, 20, 2.0, 126)
[V7.5] 14/20 mt0.05_fee0.001
[V7.5] caching EMA leg (100, 0.16, 1.05, 0.05, 0.001, 0.25, 40, 20, 2.0, 126)
[V7.5] 15/20 mt0.05_fee0.002
[V7.5] caching EMA leg (100, 0.16, 1.05, 0.05, 0.002, 0.25, 40, 20, 2.0, 126)
[V7.5] 16/20 mt0.05_fee0.003
[V7.5] caching EMA leg (100, 0.16, 1.05, 0.05, 0.003, 0.25, 40, 20, 2.0, 126)
[V7.5] 17/20 mt0.08_fee0.0005
[V7.5] caching EMA leg (100, 0.16, 1.05, 0.08, 0.0005, 0.25, 40, 20, 2.0, 126)
[V7.5] 18/20 mt0.08_fee0.001
[V7.5] caching EMA leg (100, 0.16, 1.05, 0.08, 0.001, 0.25, 40, 20, 2.0, 126)
[V7.5] 19/20 mt0.08_fee0.002
[V7.5] caching EMA leg (100, 0.16, 1.05, 0.08, 0.002, 0.25, 40, 20, 2.0, 126)
[V7.5] 20/20 mt0.08_fee0.003
[V7.5] caching EMA leg (100, 0.16, 1.05, 0.08, 0.003, 0.25, 40, 20, 2.0, 126)
[V7.6] loading C:\Users\Administrator.DESKTOP-95I7VVU\Desktop\动量策略\A股美股动量组合策略\mnt_bot V 7.6 plus.py
[V7.6] 1/20 mt0_fee0.0005
[V7.6] caching EMA leg (100, 0.16, 1.05, 0.0, 0.0005, 0.25, 40, 20, 2.0, 126)
[V7.6] 2/20 mt0_fee0.001
[V7.6] caching EMA leg (100, 0.16, 1.05, 0.0, 0.001, 0.25, 40, 20, 2.0, 126)
[V7.6] 3/20 mt0_fee0.002
[V7.6] caching EMA leg (100, 0.16, 1.05, 0.0, 0.002, 0.25, 40, 20, 2.0, 126)
[V7.6] 4/20 mt0_fee0.003
[V7.6] caching EMA leg (100, 0.16, 1.05, 0.0, 0.003, 0.25, 40, 20, 2.0, 126)
[V7.6] 5/20 mt0.01_fee0.0005
[V7.6] caching EMA leg (100, 0.16, 1.05, 0.01, 0.0005, 0.25, 40, 20, 2.0, 126)
[V7.6] 6/20 mt0.01_fee0.001
[V7.6] caching EMA leg (100, 0.16, 1.05, 0.01, 0.001, 0.25, 40, 20, 2.0, 126)
[V7.6] 7/20 mt0.01_fee0.002
[V7.6] caching EMA leg (100, 0.16, 1.05, 0.01, 0.002, 0.25, 40, 20, 2.0, 126)
[V7.6] 8/20 mt0.01_fee0.003
[V7.6] caching EMA leg (100, 0.16, 1.05, 0.01, 0.003, 0.25, 40, 20, 2.0, 126)
[V7.6] 9/20 mt0.03_fee0.0005
[V7.6] caching EMA leg (100, 0.16, 1.05, 0.03, 0.0005, 0.25, 40, 20, 2.0, 126)
[V7.6] 10/20 mt0.03_fee0.001
[V7.6] caching EMA leg (100, 0.16, 1.05, 0.03, 0.001, 0.25, 40, 20, 2.0, 126)
[V7.6] 11/20 mt0.03_fee0.002
[V7.6] caching EMA leg (100, 0.16, 1.05, 0.03, 0.002, 0.25, 40, 20, 2.0, 126)
[V7.6] 12/20 mt0.03_fee0.003
[V7.6] caching EMA leg (100, 0.16, 1.05, 0.03, 0.003, 0.25, 40, 20, 2.0, 126)
[V7.6] 13/20 mt0.05_fee0.0005
[V7.6] caching EMA leg (100, 0.16, 1.05, 0.05, 0.0005, 0.25, 40, 20, 2.0, 126)
[V7.6] 14/20 mt0.05_fee0.001
[V7.6] caching EMA leg (100, 0.16, 1.05, 0.05, 0.001, 0.25, 40, 20, 2.0, 126)
[V7.6] 15/20 mt0.05_fee0.002
[V7.6] caching EMA leg (100, 0.16, 1.05, 0.05, 0.002, 0.25, 40, 20, 2.0, 126)
[V7.6] 16/20 mt0.05_fee0.003
[V7.6] caching EMA leg (100, 0.16, 1.05, 0.05, 0.003, 0.25, 40, 20, 2.0, 126)
[V7.6] 17/20 mt0.08_fee0.0005
[V7.6] caching EMA leg (100, 0.16, 1.05, 0.08, 0.0005, 0.25, 40, 20, 2.0, 126)
[V7.6] 18/20 mt0.08_fee0.001
[V7.6] caching EMA leg (100, 0.16, 1.05, 0.08, 0.001, 0.25, 40, 20, 2.0, 126)
[V7.6] 19/20 mt0.08_fee0.002
[V7.6] caching EMA leg (100, 0.16, 1.05, 0.08, 0.002, 0.25, 40, 20, 2.0, 126)
[V7.6] 20/20 mt0.08_fee0.003
[V7.6] caching EMA leg (100, 0.16, 1.05, 0.08, 0.003, 0.25, 40, 20, 2.0, 126)
done: docs\subb_v75_v76_parameter_stability_turnover_cost_20260507
