[resume] loaded 27 completed candidates from partial outputs
[V7.5] loading C:\Users\Administrator.DESKTOP-95I7VVU\Desktop\动量策略\A股美股动量组合策略\mnt_bot V 7.5 plus.py
[V7.5] 1/36 tv0.2_vw40_lev1.5_vr1_2_1.6
[V7.5] skipping completed tv0.2_vw40_lev1.5_vr1_2_1.6
[V7.5] 2/36 tv0.2_vw40_lev1.5_vr1_1.8_1.4
[V7.5] skipping completed tv0.2_vw40_lev1.5_vr1_1.8_1.4
[V7.5] 3/36 tv0.2_vw40_lev1.5_vr0_2_1.6
[V7.5] skipping completed tv0.2_vw40_lev1.5_vr0_2_1.6
[V7.5] 4/36 tv0.2_vw40_lev2_vr1_2_1.6
[V7.5] skipping completed tv0.2_vw40_lev2_vr1_2_1.6
[V7.5] 5/36 tv0.2_vw40_lev2_vr1_1.8_1.4
[V7.5] skipping completed tv0.2_vw40_lev2_vr1_1.8_1.4
[V7.5] 6/36 tv0.2_vw40_lev2_vr0_2_1.6
[V7.5] skipping completed tv0.2_vw40_lev2_vr0_2_1.6
[V7.5] 7/36 tv0.2_vw80_lev1.5_vr1_2_1.6
[V7.5] skipping completed tv0.2_vw80_lev1.5_vr1_2_1.6
[V7.5] 8/36 tv0.2_vw80_lev1.5_vr1_1.8_1.4
[V7.5] skipping completed tv0.2_vw80_lev1.5_vr1_1.8_1.4
[V7.5] 9/36 tv0.2_vw80_lev1.5_vr0_2_1.6
[V7.5] skipping completed tv0.2_vw80_lev1.5_vr0_2_1.6
[V7.5] 10/36 tv0.2_vw80_lev2_vr1_2_1.6
[V7.5] skipping completed tv0.2_vw80_lev2_vr1_2_1.6
[V7.5] 11/36 tv0.2_vw80_lev2_vr1_1.8_1.4
[V7.5] skipping completed tv0.2_vw80_lev2_vr1_1.8_1.4
[V7.5] 12/36 tv0.2_vw80_lev2_vr0_2_1.6
[V7.5] skipping completed tv0.2_vw80_lev2_vr0_2_1.6
[V7.5] 13/36 tv0.25_vw40_lev1.5_vr1_2_1.6
[V7.5] skipping completed tv0.25_vw40_lev1.5_vr1_2_1.6
[V7.5] 14/36 tv0.25_vw40_lev1.5_vr1_1.8_1.4
[V7.5] skipping completed tv0.25_vw40_lev1.5_vr1_1.8_1.4
[V7.5] 15/36 tv0.25_vw40_lev1.5_vr0_2_1.6
[V7.5] skipping completed tv0.25_vw40_lev1.5_vr0_2_1.6
[V7.5] 16/36 tv0.25_vw40_lev2_vr1_2_1.6
[V7.5] skipping completed tv0.25_vw40_lev2_vr1_2_1.6
[V7.5] 17/36 tv0.25_vw40_lev2_vr1_1.8_1.4
[V7.5] skipping completed tv0.25_vw40_lev2_vr1_1.8_1.4
[V7.5] 18/36 tv0.25_vw40_lev2_vr0_2_1.6
[V7.5] skipping completed tv0.25_vw40_lev2_vr0_2_1.6
[V7.5] 19/36 tv0.25_vw80_lev1.5_vr1_2_1.6
[V7.5] skipping completed tv0.25_vw80_lev1.5_vr1_2_1.6
[V7.5] 20/36 tv0.25_vw80_lev1.5_vr1_1.8_1.4
[V7.5] skipping completed tv0.25_vw80_lev1.5_vr1_1.8_1.4
[V7.5] 21/36 tv0.25_vw80_lev1.5_vr0_2_1.6
[V7.5] skipping completed tv0.25_vw80_lev1.5_vr0_2_1.6
[V7.5] 22/36 tv0.25_vw80_lev2_vr1_2_1.6
[V7.5] skipping completed tv0.25_vw80_lev2_vr1_2_1.6
[V7.5] 23/36 tv0.25_vw80_lev2_vr1_1.8_1.4
[V7.5] skipping completed tv0.25_vw80_lev2_vr1_1.8_1.4
[V7.5] 24/36 tv0.25_vw80_lev2_vr0_2_1.6
[V7.5] skipping completed tv0.25_vw80_lev2_vr0_2_1.6
[V7.5] 25/36 tv0.3_vw40_lev1.5_vr1_2_1.6
[V7.5] skipping completed tv0.3_vw40_lev1.5_vr1_2_1.6
[V7.5] 26/36 tv0.3_vw40_lev1.5_vr1_1.8_1.4
[V7.5] skipping completed tv0.3_vw40_lev1.5_vr1_1.8_1.4
[V7.5] 27/36 tv0.3_vw40_lev1.5_vr0_2_1.6
[V7.5] skipping completed tv0.3_vw40_lev1.5_vr0_2_1.6
[V7.5] 28/36 tv0.3_vw40_lev2_vr1_2_1.6
[V7.5] caching base stream (0.3, 40, 2.0)
[V7.5] 29/36 tv0.3_vw40_lev2_vr1_1.8_1.4
[V7.5] 30/36 tv0.3_vw40_lev2_vr0_2_1.6
[V7.5] 31/36 tv0.3_vw80_lev1.5_vr1_2_1.6
[V7.5] caching base stream (0.3, 80, 1.5)
[V7.5] 32/36 tv0.3_vw80_lev1.5_vr1_1.8_1.4
[V7.5] 33/36 tv0.3_vw80_lev1.5_vr0_2_1.6
[V7.5] 34/36 tv0.3_vw80_lev2_vr1_2_1.6
[V7.5] caching base stream (0.3, 80, 2.0)
[V7.5] 35/36 tv0.3_vw80_lev2_vr1_1.8_1.4
[V7.5] 36/36 tv0.3_vw80_lev2_vr0_2_1.6
[V7.6] loading C:\Users\Administrator.DESKTOP-95I7VVU\Desktop\动量策略\A股美股动量组合策略\mnt_bot V 7.6 plus.py
[V7.6] 1/36 tv0.2_vw40_lev1.5_vr1_2_1.6
[V7.6] caching base stream (0.2, 40, 1.5)
[V7.6] 2/36 tv0.2_vw40_lev1.5_vr1_1.8_1.4
[V7.6] 3/36 tv0.2_vw40_lev1.5_vr0_2_1.6
[V7.6] 4/36 tv0.2_vw40_lev2_vr1_2_1.6
[V7.6] caching base stream (0.2, 40, 2.0)
[V7.6] 5/36 tv0.2_vw40_lev2_vr1_1.8_1.4
[V7.6] 6/36 tv0.2_vw40_lev2_vr0_2_1.6
[V7.6] 7/36 tv0.2_vw80_lev1.5_vr1_2_1.6
[V7.6] caching base stream (0.2, 80, 1.5)
[V7.6] 8/36 tv0.2_vw80_lev1.5_vr1_1.8_1.4
[V7.6] 9/36 tv0.2_vw80_lev1.5_vr0_2_1.6
[V7.6] 10/36 tv0.2_vw80_lev2_vr1_2_1.6
[V7.6] caching base stream (0.2, 80, 2.0)
[V7.6] 11/36 tv0.2_vw80_lev2_vr1_1.8_1.4
[V7.6] 12/36 tv0.2_vw80_lev2_vr0_2_1.6
[V7.6] 13/36 tv0.25_vw40_lev1.5_vr1_2_1.6
[V7.6] caching base stream (0.25, 40, 1.5)
[V7.6] 14/36 tv0.25_vw40_lev1.5_vr1_1.8_1.4
[V7.6] 15/36 tv0.25_vw40_lev1.5_vr0_2_1.6
[V7.6] 16/36 tv0.25_vw40_lev2_vr1_2_1.6
[V7.6] caching base stream (0.25, 40, 2.0)
[V7.6] 17/36 tv0.25_vw40_lev2_vr1_1.8_1.4
[V7.6] 18/36 tv0.25_vw40_lev2_vr0_2_1.6
[V7.6] 19/36 tv0.25_vw80_lev1.5_vr1_2_1.6
[V7.6] caching base stream (0.25, 80, 1.5)
[V7.6] 20/36 tv0.25_vw80_lev1.5_vr1_1.8_1.4
[V7.6] 21/36 tv0.25_vw80_lev1.5_vr0_2_1.6
[V7.6] 22/36 tv0.25_vw80_lev2_vr1_2_1.6
[V7.6] caching base stream (0.25, 80, 2.0)
[V7.6] 23/36 tv0.25_vw80_lev2_vr1_1.8_1.4
[V7.6] 24/36 tv0.25_vw80_lev2_vr0_2_1.6
[V7.6] 25/36 tv0.3_vw40_lev1.5_vr1_2_1.6
[V7.6] caching base stream (0.3, 40, 1.5)
[V7.6] 26/36 tv0.3_vw40_lev1.5_vr1_1.8_1.4
[V7.6] 27/36 tv0.3_vw40_lev1.5_vr0_2_1.6
[V7.6] 28/36 tv0.3_vw40_lev2_vr1_2_1.6
[V7.6] caching base stream (0.3, 40, 2.0)
[V7.6] 29/36 tv0.3_vw40_lev2_vr1_1.8_1.4
[V7.6] 30/36 tv0.3_vw40_lev2_vr0_2_1.6
[V7.6] 31/36 tv0.3_vw80_lev1.5_vr1_2_1.6
[V7.6] caching base stream (0.3, 80, 1.5)
[V7.6] 32/36 tv0.3_vw80_lev1.5_vr1_1.8_1.4
[V7.6] 33/36 tv0.3_vw80_lev1.5_vr0_2_1.6
[V7.6] 34/36 tv0.3_vw80_lev2_vr1_2_1.6
[V7.6] caching base stream (0.3, 80, 2.0)
[V7.6] 35/36 tv0.3_vw80_lev2_vr1_1.8_1.4
[V7.6] 36/36 tv0.3_vw80_lev2_vr0_2_1.6
done: docs\subb_v75_v76_parameter_stability_sizing_volreg_20260507
